======================================================================
TESTING ALL SILICONPULSE API ENDPOINTS
======================================================================

[1] Testing GET /health...
    Status: 200
    Response: {'status': 'online', 'service': 'siliconpulse-backend'}

[2] Testing GET /...
    Status: 200
    Response: {'message': 'Welcome to SiliconPulse API'}

[3] Testing POST /api/inject...
    Status: 404
    Response: {'detail': 'Not Found'}

[4] Testing POST /api/query...
    Status: 404
    Response: {'detail': 'Not Found'}

[5] Testing GET /api/signals...
    Status: 404
    Response: {'detail': 'Not Found'}

[6] Testing GET /api/radar...
    Status: 404
    Response: {'detail': 'Not Found'}

======================================================================
TESTING COMPLETE
======================================================================
